2025-10-25 06:42:10,887 - trading_strategy - INFO - Calculated Fibonacci levels for Swing High=200, Swing Low=100: {'0.0': 100, '0.5': 150.0, '0.618': 161.8, '0.786_sl': 178.60000000000002, '1.0': 200, '1.618_target': 261.8}
2025-10-25 06:42:10,887 - trading_strategy - INFO - Calculated Fibonacci levels for Swing High=200, Swing Low=100: {'0.0': 200, '0.5': 150.0, '0.618': 138.2, '0.786_sl': 121.39999999999999, '1.0': 100, '1.618_target': 38.2}
2025-10-25 06:42:10,888 - trading_strategy - WARNING - Not enough data to find order block. Data length: 11
2025-10-25 06:42:10,889 - trading_strategy - WARNING - Not enough data to find order block. Data length: 11
2025-10-25 06:43:04,838 - trading_strategy - INFO - Calculated Fibonacci levels for Swing High=200, Swing Low=100: {'0.0': 100, '0.5': 150.0, '0.618': 161.8, '0.786_sl': 178.60000000000002, '1.0': 200, '1.618_target': 261.8}
2025-10-25 06:43:04,838 - trading_strategy - INFO - Calculated Fibonacci levels for Swing High=200, Swing Low=100: {'0.0': 200, '0.5': 150.0, '0.618': 138.2, '0.786_sl': 121.39999999999999, '1.0': 100, '1.618_target': 38.2}
2025-10-25 06:43:04,841 - trading_strategy - INFO - No clear order block structure found.
2025-10-25 06:43:04,842 - trading_strategy - INFO - No clear order block structure found.
2025-10-25 06:44:40,112 - trading_strategy - INFO - Calculated Fibonacci levels for Swing High=200, Swing Low=100: {'0.0': 100, '0.5': 150.0, '0.618': 161.8, '0.786_sl': 178.60000000000002, '1.0': 200, '1.618_target': 261.8}
2025-10-25 06:44:40,112 - trading_strategy - INFO - Calculated Fibonacci levels for Swing High=200, Swing Low=100: {'0.0': 200, '0.5': 150.0, '0.618': 138.2, '0.786_sl': 121.39999999999999, '1.0': 100, '1.618_target': 38.2}
2025-10-25 06:44:40,114 - trading_strategy - INFO - No clear order block structure found.
2025-10-25 06:44:40,115 - trading_strategy - INFO - No clear order block structure found.
2025-10-25 06:46:49,194 - trading_strategy - INFO - Calculated Fibonacci levels for Swing High=200, Swing Low=100: {'0.0': 100, '0.5': 150.0, '0.618': 161.8, '0.786_sl': 178.60000000000002, '1.0': 200, '1.618_target': 261.8}
2025-10-25 06:46:49,195 - trading_strategy - INFO - Calculated Fibonacci levels for Swing High=200, Swing Low=100: {'0.0': 200, '0.5': 150.0, '0.618': 138.2, '0.786_sl': 121.39999999999999, '1.0': 100, '1.618_target': 38.2}
2025-10-25 06:46:49,196 - trading_strategy - INFO - No clear order block structure found.
2025-10-25 06:46:49,198 - trading_strategy - INFO - No clear order block structure found.
2025-10-25 07:03:58,680 - trading_strategy - INFO - Calculated Fibonacci levels for Swing High=200, Swing Low=100: {'0.0': 100, '0.5': 150.0, '0.618': 161.8, '0.786_sl': 178.60000000000002, '1.0': 200, '1.618_target': 261.8}
2025-10-25 07:03:58,681 - trading_strategy - INFO - Calculated Fibonacci levels for Swing High=200, Swing Low=100: {'0.0': 200, '0.5': 150.0, '0.618': 138.2, '0.786_sl': 121.39999999999999, '1.0': 100, '1.618_target': 38.2}
2025-10-25 07:23:00,588 - trading_strategy - INFO - Calculated Fibonacci levels for Swing High=200, Swing Low=100: {'0.0': 100, '0.5': 150.0, '0.618': 161.8, '0.786_sl': 178.60000000000002, '1.0': 200, '1.618_target': 261.8}
2025-10-25 07:23:00,588 - trading_strategy - INFO - Calculated Fibonacci levels for Swing High=200, Swing Low=100: {'0.0': 200, '0.5': 150.0, '0.618': 138.2, '0.786_sl': 121.39999999999999, '1.0': 100, '1.618_target': 38.2}
2025-10-25 07:31:56,387 - trading_strategy - INFO - Calculated Fibonacci levels for Swing High=200, Swing Low=100: {'0.0': 100, '0.5': 150.0, '0.618': 161.8, '0.786_sl': 178.60000000000002, '1.0': 200, '1.618_target': 261.8}
2025-10-25 07:31:56,387 - trading_strategy - INFO - Calculated Fibonacci levels for Swing High=200, Swing Low=100: {'0.0': 200, '0.5': 150.0, '0.618': 138.2, '0.786_sl': 121.39999999999999, '1.0': 100, '1.618_target': 38.2}
2025-10-25 07:41:05,351 - trading_strategy - INFO - Calculated Fibonacci levels for Swing High=200, Swing Low=100: {'0.0': 100, '0.5': 150.0, '0.618': 161.8, '0.786_sl': 178.60000000000002, '1.0': 200, '1.618_target': 261.8}
2025-10-25 07:41:05,351 - trading_strategy - INFO - Calculated Fibonacci levels for Swing High=200, Swing Low=100: {'0.0': 200, '0.5': 150.0, '0.618': 138.2, '0.786_sl': 121.39999999999999, '1.0': 100, '1.618_target': 38.2}
2025-10-25 07:43:42,404 - trading_strategy - INFO - Calculated Fibonacci levels for Swing High=200, Swing Low=100: {'0.0': 100, '0.5': 150.0, '0.618': 161.8, '0.786_sl': 178.60000000000002, '1.0': 200, '1.618_target': 261.8}
2025-10-25 07:43:42,404 - trading_strategy - INFO - Calculated Fibonacci levels for Swing High=200, Swing Low=100: {'0.0': 200, '0.5': 150.0, '0.618': 138.2, '0.786_sl': 121.39999999999999, '1.0': 100, '1.618_target': 38.2}
2025-10-25 08:03:12,785 - trading_strategy - INFO - Calculated Fibonacci levels for Swing High=200, Swing Low=100: {'0.0': 100, '0.5': 150.0, '0.618': 161.8, '0.786_sl': 178.60000000000002, '1.0': 200, '1.618_target': 261.8}
2025-10-25 08:03:12,785 - trading_strategy - INFO - Calculated Fibonacci levels for Swing High=200, Swing Low=100: {'0.0': 200, '0.5': 150.0, '0.618': 138.2, '0.786_sl': 121.39999999999999, '1.0': 100, '1.618_target': 38.2}
2025-10-25 08:07:08,498 - trading_strategy - INFO - Calculated Fibonacci levels for Swing High=200, Swing Low=100: {'0.0': 100, '0.5': 150.0, '0.618': 161.8, '0.786_sl': 178.60000000000002, '1.0': 200, '1.618_target': 261.8}
2025-10-25 08:07:08,498 - trading_strategy - INFO - Calculated Fibonacci levels for Swing High=200, Swing Low=100: {'0.0': 200, '0.5': 150.0, '0.618': 138.2, '0.786_sl': 121.39999999999999, '1.0': 100, '1.618_target': 38.2}
2025-10-25 08:24:56,955 - trading_strategy - INFO - Calculated Fibonacci levels for Swing High=200, Swing Low=100: {'0.0': 100, '0.5': 150.0, '0.618': 161.8, '0.786_sl': 178.60000000000002, '1.0': 200, '1.618_target': 261.8}
2025-10-25 08:24:56,956 - trading_strategy - INFO - Calculated Fibonacci levels for Swing High=200, Swing Low=100: {'0.0': 200, '0.5': 150.0, '0.618': 138.2, '0.786_sl': 121.39999999999999, '1.0': 100, '1.618_target': 38.2}
2025-10-25 08:35:50,397 - trading_strategy - INFO - Calculated Fibonacci levels for Swing High=200, Swing Low=100: {'0.0': 100, '0.5': 150.0, '0.618': 161.8, '0.786_sl': 178.60000000000002, '1.0': 200, '1.618_target': 261.8}
2025-10-25 08:35:50,397 - trading_strategy - INFO - Calculated Fibonacci levels for Swing High=200, Swing Low=100: {'0.0': 200, '0.5': 150.0, '0.618': 138.2, '0.786_sl': 121.39999999999999, '1.0': 100, '1.618_target': 38.2}
2025-10-25 08:49:38,204 - trading_strategy - INFO - Calculated Fibonacci levels for Swing High=200, Swing Low=100: {'0.0': 100, '0.5': 150.0, '0.618': 161.8, '0.786_sl': 178.60000000000002, '1.0': 200, '1.618_target': 261.8}
2025-10-25 08:49:38,204 - trading_strategy - INFO - Calculated Fibonacci levels for Swing High=200, Swing Low=100: {'0.0': 200, '0.5': 150.0, '0.618': 138.2, '0.786_sl': 121.39999999999999, '1.0': 100, '1.618_target': 38.2}
2025-10-25 08:52:09,484 - trading_strategy - INFO - Calculated Fibonacci levels for Swing High=200, Swing Low=100: {'0.0': 100, '0.5': 150.0, '0.618': 161.8, '0.786_sl': 178.60000000000002, '1.0': 200, '1.618_target': 261.8}
2025-10-25 08:52:09,484 - trading_strategy - INFO - Calculated Fibonacci levels for Swing High=200, Swing Low=100: {'0.0': 200, '0.5': 150.0, '0.618': 138.2, '0.786_sl': 121.39999999999999, '1.0': 100, '1.618_target': 38.2}
2025-10-25 09:30:14,309 - trading_strategy - INFO - Calculated Fibonacci levels for Swing High=200, Swing Low=100: {'0.0': 100, '0.5': 150.0, '0.618': 161.8, '0.786_sl': 178.60000000000002, '1.0': 200, '1.618_target': 261.8}
2025-10-25 09:30:14,310 - trading_strategy - INFO - Calculated Fibonacci levels for Swing High=200, Swing Low=100: {'0.0': 200, '0.382': 161.8, '0.5': 150.0, '0.618': 138.2, '0.786_sl': 121.39999999999999, '1.0': 100, '1.618_target': 38.2}
2025-10-25 09:31:50,814 - trading_strategy - INFO - Calculated Fibonacci levels for Swing High=200, Swing Low=100: {'0.0': 100, '0.382': 138.2, '0.5': 150.0, '0.618': 161.8, '0.786_sl': 178.60000000000002, '1.0': 200, '1.618_target': 261.8}
2025-10-25 09:31:50,814 - trading_strategy - INFO - Calculated Fibonacci levels for Swing High=200, Swing Low=100: {'0.0': 200, '0.382': 161.8, '0.5': 150.0, '0.618': 138.2, '0.786_sl': 121.39999999999999, '1.0': 100, '1.618_target': 38.2}
2025-10-25 09:33:14,728 - trading_strategy - INFO - Calculated Fibonacci levels for Swing High=200, Swing Low=100: {'0.0': 100, '0.382': 138.2, '0.5': 150.0, '0.618': 161.8, '0.786_sl': 178.60000000000002, '1.0': 200, '1.618_target': 361.8}
2025-10-25 09:33:14,728 - trading_strategy - INFO - Calculated Fibonacci levels for Swing High=200, Swing Low=100: {'0.0': 200, '0.382': 161.8, '0.5': 150.0, '0.618': 138.2, '0.786_sl': 121.39999999999999, '1.0': 100, '1.618_target': -61.80000000000001}
2025-10-25 09:34:50,357 - trading_strategy - INFO - Calculated Fibonacci levels for Swing High=200, Swing Low=100: {'0.0': 100, '0.382': 138.2, '0.5': 150.0, '0.618': 161.8, '0.786_sl': 178.60000000000002, '1.0': 200, '1.618_target': 361.8}
2025-10-25 09:34:50,357 - trading_strategy - INFO - Calculated Fibonacci levels for Swing High=200, Swing Low=100: {'0.0': 200, '0.382': 161.8, '0.5': 150.0, '0.618': 138.2, '0.786_sl': 121.39999999999999, '1.0': 100, '1.618_target': -61.80000000000001}
2025-10-25 09:35:49,196 - trading_strategy - INFO - Calculated Fibonacci levels for Swing High=200, Swing Low=100: {'0.0': 100, '0.382': 138.2, '0.5': 150.0, '0.618': 161.8, '0.786_sl': 178.60000000000002, '1.0': 200, '1.618_target': 361.8}
2025-10-25 09:35:49,196 - trading_strategy - INFO - Calculated Fibonacci levels for Swing High=200, Swing Low=100: {'0.0': 200, '0.382': 161.8, '0.5': 150.0, '0.618': 138.2, '0.786_sl': 121.39999999999999, '1.0': 100, '1.618_target': -61.80000000000001}
2025-10-25 09:40:04,424 - trading_strategy - INFO - Calculated Fibonacci levels for Swing High=200, Swing Low=100: {'0.0': 100, '0.382': 138.2, '0.5': 150.0, '0.618': 161.8, '0.786_sl': 178.60000000000002, '1.0': 200, '1.618_target': 361.8}
2025-10-25 09:40:04,425 - trading_strategy - INFO - Calculated Fibonacci levels for Swing High=200, Swing Low=100: {'0.0': 200, '0.382': 161.8, '0.5': 150.0, '0.618': 138.2, '0.786_sl': 121.39999999999999, '1.0': 100, '1.618_target': -61.80000000000001}
2025-10-25 09:41:07,449 - trading_strategy - INFO - Calculated Fibonacci levels for Swing High=200, Swing Low=100: {'0.0': 100, '0.382': 138.2, '0.5': 150.0, '0.618': 161.8, '0.786_sl': 178.60000000000002, '1.0': 200, '1.618_target': 361.8}
2025-10-25 09:41:07,449 - trading_strategy - INFO - Calculated Fibonacci levels for Swing High=200, Swing Low=100: {'0.0': 200, '0.382': 161.8, '0.5': 150.0, '0.618': 138.2, '0.786_sl': 121.39999999999999, '1.0': 100, '1.618_target': -61.80000000000001}
2025-10-25 13:59:15,542 - trading_strategy - INFO - Attempt 1: Warming up session by visiting https://www.nseindia.com
2025-10-25 13:59:15,717 - trading_strategy - INFO - Fetching F&O master data from https://www.nseindia.com/api/master-fo
2025-10-25 13:59:16,943 - trading_strategy - WARNING - Attempt 1 failed with a network error: 404 Client Error: Not Found for url: https://www.nseindia.com/api/master-fo
2025-10-25 13:59:18,944 - trading_strategy - INFO - Attempt 2: Warming up session by visiting https://www.nseindia.com
2025-10-25 13:59:18,983 - trading_strategy - INFO - Fetching F&O master data from https://www.nseindia.com/api/master-fo
2025-10-25 13:59:19,172 - trading_strategy - WARNING - Attempt 2 failed with a network error: 404 Client Error: Not Found for url: https://www.nseindia.com/api/master-fo
2025-10-25 13:59:21,173 - trading_strategy - INFO - Attempt 3: Warming up session by visiting https://www.nseindia.com
2025-10-25 13:59:21,272 - trading_strategy - INFO - Fetching F&O master data from https://www.nseindia.com/api/master-fo
2025-10-25 13:59:21,406 - trading_strategy - WARNING - Attempt 3 failed with a network error: 404 Client Error: Not Found for url: https://www.nseindia.com/api/master-fo
2025-10-25 13:59:23,407 - trading_strategy - ERROR - All attempts to fetch F&O data from the NSE API failed.
2025-10-25 13:59:23,409 - trading_strategy - ERROR - Failed to fetch F&O data after all retries.
2025-10-25 14:12:07,948 - trading_strategy - INFO - Starting daily market scan...
2025-10-25 14:12:07,948 - trading_strategy - CRITICAL - Access token is missing or a placeholder in config.ini.
